// Jest Snapshot v1, https://goo.gl/fbAQLP

exports[`getSourceFile generates TypeScript AST 1`] = `
"import { User } from "@prisma/client";
import { Prisma } from "@prisma/client";
import type { PrismaClient } from "@prisma/client";
import { getClient, ModelWithFields, createScreener, scalarFieldValueGenerator, Resolver, normalizeResolver, normalizeList, getSequenceCounter, } from "@quramy/prisma-fabbrica/lib/internal";
export { initialize, resetSequence } from "@quramy/prisma-fabbrica/lib/internal";
type BuildDataOptions = {
    readonly seq: number;
};
const modelFieldDefinitions: ModelWithFields[] = [{
        name: "User",
        fields: []
    }];
type UserScalarOrEnumFields = {
    id: number;
    name: string;
};
type UserFactoryDefineInput = {
    id?: number;
    name?: string;
};
type UserFactoryDefineOptions = {
    defaultData?: Resolver<UserFactoryDefineInput, BuildDataOptions>;
};
interface UserFactoryInterface {
    readonly _factoryFor: "User";
    build(inputData?: Partial<Prisma.UserCreateInput>): PromiseLike<Prisma.UserCreateInput>;
    buildCreateInput(inputData?: Partial<Prisma.UserCreateInput>): PromiseLike<Prisma.UserCreateInput>;
    buildList(inputData: number | readonly Partial<Prisma.UserCreateInput>[]): PromiseLike<Prisma.UserCreateInput[]>;
    pickForConnect(inputData: User): Pick<User, "id">;
    create(inputData?: Partial<Prisma.UserCreateInput>): PromiseLike<User>;
    createList(inputData: number | readonly Partial<Prisma.UserCreateInput>[]): PromiseLike<User[]>;
    createForConnect(inputData?: Partial<Prisma.UserCreateInput>): PromiseLike<Pick<User, "id">>;
}
function autoGenerateUserScalarsOrEnums({ seq }: {
    readonly seq: number;
}): UserScalarOrEnumFields {
    return {
        id: scalarFieldValueGenerator.Int({ modelName: "User", fieldName: "id", isId: true, isUnique: false, seq }),
        name: scalarFieldValueGenerator.String({ modelName: "User", fieldName: "name", isId: false, isUnique: false, seq })
    };
}
function defineUserFactoryInternal({ defaultData: defaultDataResolver }: UserFactoryDefineOptions): UserFactoryInterface {
    const seqKey = {};
    const getSeq = () => getSequenceCounter(seqKey);
    const screen = createScreener("User", modelFieldDefinitions);
    const build = async (inputData: Partial<Prisma.UserCreateInput> = {}) => {
        const seq = getSeq();
        const requiredScalarData = autoGenerateUserScalarsOrEnums({ seq });
        const resolveValue = normalizeResolver<UserFactoryDefineInput, BuildDataOptions>(defaultDataResolver ?? {});
        const defaultData = await resolveValue({ seq });
        const defaultAssociations = {};
        const data: Prisma.UserCreateInput = { ...requiredScalarData, ...defaultData, ...defaultAssociations, ...inputData };
        return data;
    };
    const buildList = (inputData: number | readonly Partial<Prisma.UserCreateInput>[]) => Promise.all(normalizeList(inputData).map(data => build(data)));
    const pickForConnect = (inputData: User) => ({
        id: inputData.id
    });
    const create = async (inputData: Partial<Prisma.UserCreateInput> = {}) => {
        const data = await build(inputData).then(screen);
        return await getClient<PrismaClient>().user.create({ data });
    };
    const createList = (inputData: number | readonly Partial<Prisma.UserCreateInput>[]) => Promise.all(normalizeList(inputData).map(data => create(data)));
    const createForConnect = (inputData: Partial<Prisma.UserCreateInput> = {}) => create(inputData).then(pickForConnect);
    return {
        _factoryFor: "User" as const,
        build,
        buildList,
        buildCreateInput: build,
        pickForConnect,
        create,
        createList,
        createForConnect,
    };
}
/**
 * Define factory for {@link User} model.
 *
 * @param options
 * @returns factory {@link UserFactoryInterface}
 */
export function defineUserFactory(options: UserFactoryDefineOptions = {}): UserFactoryInterface {
    return defineUserFactoryInternal(options);
}
"
`;
